../Core/Src/lcd.c:53:9:SSD1306_Init	16	static
../Core/Src/lcd.c:139:6:SSD1306_UpdateScreen	16	static
../Core/Src/lcd.c:152:6:SSD1306_ToggleInvert	16	static
../Core/Src/lcd.c:164:6:SSD1306_Fill	16	static
../Core/Src/lcd.c:169:6:SSD1306_DrawPixel	16	static
../Core/Src/lcd.c:191:6:SSD1306_GotoXY	16	static
../Core/Src/lcd.c:197:6:SSD1306_Putc	32	static
../Core/Src/lcd.c:228:6:SSD1306_Puts	24	static
../Core/Src/lcd.c:250:6:SSD1306_DrawBitmap	32	static
../Core/Src/lcd.c:273:6:SSD1306_Clear	8	static
../Core/Src/lcd.c:278:6:SSD1306_ON	8	static
../Core/Src/lcd.c:283:6:SSD1306_OFF	8	static
../Core/Src/lcd.c:291:6:ssd1306_I2C_Init	16	static
../Core/Src/lcd.c:303:6:ssd1306_I2C_WriteMulti	296	static
../Core/Src/lcd.c:313:6:ssd1306_I2C_Write	32	static
