../Core/Src/ssd1306.c:31:9:SSD1306_Init	16	static
../Core/Src/ssd1306.c:117:6:SSD1306_UpdateScreen	16	static
../Core/Src/ssd1306.c:130:6:SSD1306_ToggleInvert	16	static
../Core/Src/ssd1306.c:142:6:SSD1306_Fill	16	static
../Core/Src/ssd1306.c:147:6:SSD1306_DrawPixel	16	static
../Core/Src/ssd1306.c:169:6:SSD1306_GotoXY	16	static
../Core/Src/ssd1306.c:175:6:SSD1306_Putc	32	static
../Core/Src/ssd1306.c:206:6:SSD1306_Puts	24	static
../Core/Src/ssd1306.c:229:6:SSD1306_DrawBitmap	32	static
../Core/Src/ssd1306.c:252:6:SSD1306_Clear	8	static
../Core/Src/ssd1306.c:257:6:SSD1306_ON	8	static
../Core/Src/ssd1306.c:262:6:SSD1306_OFF	8	static
../Core/Src/ssd1306.c:278:6:ssd1306_I2C_Init	16	static
../Core/Src/ssd1306.c:290:6:ssd1306_I2C_WriteMulti	296	static
../Core/Src/ssd1306.c:300:6:ssd1306_I2C_Write	32	static
